src/components/crm/SalesFunnel.tsx(9,5): error TS6133: 'HiOutlineDotsVertical' is declared but its value is never read.
src/components/crm/SalesFunnel.tsx(10,5): error TS6133: 'HiOutlinePhone' is declared but its value is never read.
src/components/crm/SalesFunnel.tsx(11,5): error TS6133: 'HiOutlineMail' is declared but its value is never read.
src/components/crm/SalesFunnel.tsx(12,5): error TS6133: 'HiOutlineCalendar' is declared but its value is never read.
src/components/crm/SalesFunnel.tsx(13,5): error TS6133: 'HiOutlineCurrencyDollar' is declared but its value is never read.
src/components/crm/SalesFunnel.tsx(16,5): error TS6133: 'HiOutlineTrash' is declared but its value is never read.
src/components/crm/SalesFunnel.tsx(17,5): error TS6133: 'HiOutlineRefresh' is declared but its value is never read.
src/components/crm/SalesFunnel.tsx(24,1): error TS6133: 'useStore' is declared but its value is never read.
src/components/crm/SalesFunnel.tsx(28,5): error TS6133: 'STAGE_LABELS' is declared but its value is never read.
src/components/crm/SalesFunnel.tsx(49,9): error TS6133: 'updateOpportunity' is declared but its value is never read.
src/components/crm/SalesFunnel.tsx(58,11): error TS6133: 'customers' is declared but its value is never read.
src/components/crm/SalesFunnel.tsx(205,11): error TS6133: 'handleDelete' is declared but its value is never read.
src/components/crm/SalesFunnel.tsx(511,33): error TS2322: Type '"success"' is not assignable to type 'ButtonVariant | undefined'.
src/components/crm/SalesFunnel.tsx(666,29): error TS2322: Type '"success" | "danger"' is not assignable to type 'ButtonVariant | undefined'.
  Type '"success"' is not assignable to type 'ButtonVariant | undefined'.
