src/components/crm/CampaignManager.tsx(59,12): error TS6133: 'showDeleteModal' is declared but its value is never read.
src/components/crm/CampaignManager.tsx(60,12): error TS6133: 'campaignToDelete' is declared but its value is never read.
src/components/crm/CampaignManager.tsx(60,30): error TS6133: 'setCampaignToDelete' is declared but its value is never read.
src/components/crm/CampaignManager.tsx(204,11): error TS6133: 'performDelete' is declared but its value is never read.
src/components/crm/CampaignManager.tsx(472,81): error TS2345: Argument of type 'string' is not assignable to parameter of type 'Campaign'.
src/components/employees/EmployeeList.tsx(84,15): error TS2741: Property 'super_admin' is missing in type '{ admin: "primary"; manager: "success"; operator: "info"; cashier: "warning"; stock_keeper: "gray"; }' but required in type 'Record<EmployeeRole, "success" | "warning" | "info" | "gray" | "primary">'.
src/components/employees/EmployeesDashboard.tsx(50,7): error TS2741: Property 'super_admin' is missing in type '{ admin: { label: string; color: string; }; manager: { label: string; color: string; }; operator: { label: string; color: string; }; cashier: { label: string; color: string; }; stock_keeper: { label: string; color: string; }; }' but required in type 'Record<EmployeeRole, { label: string; color: string; }>'.
src/components/ErrorBoundary.tsx(74,30): error TS2591: Cannot find name 'process'. Do you need to install type definitions for node? Try `npm i --save-dev @types/node` and then add 'node' to the types field in your tsconfig.
src/components/hospitality/GuestProfileModal.tsx(109,11): error TS6133: 'formatDate' is declared but its value is never read.
src/components/inventory/StockTransferManager.tsx(13,41): error TS6133: 'addWarehouse' is declared but its value is never read.
src/components/inventory/StockTransferManager.tsx(13,55): error TS6133: 'updateWarehouse' is declared but its value is never read.
src/components/inventory/StockTransferManager.tsx(256,73): error TS2345: Argument of type '{ id: string; number: string; sourceWarehouseId: string; targetWarehouseId: string; status: "completed" | "cancelled" | "pending"; responsible: string; reason?: string | undefined; date: string; items: { ...; }[]; }' is not assignable to parameter of type 'SetStateAction<StockTransfer | null>'.
  Property 'createdAt' is missing in type '{ id: string; number: string; sourceWarehouseId: string; targetWarehouseId: string; status: "completed" | "cancelled" | "pending"; responsible: string; reason?: string | undefined; date: string; items: { ...; }[]; }' but required in type 'StockTransfer'.
src/components/invoices/CreateCreditNoteModal.tsx(7,10): error TS6133: 'generateId' is declared but its value is never read.
src/components/invoices/CreditNoteManager.tsx(18,12): error TS6133: 'isLoading' is declared but its value is never read.
src/components/ui/ConfirmationModal.tsx(1,8): error TS6133: 'React' is declared but its value is never read.
src/contexts/TenantContext.tsx(53,13): error TS2322: Type '{ id: string; name: string; } | null' is not assignable to type 'Company | null'.
  Property 'status' is missing in type '{ id: string; name: string; }' but required in type 'Company'.
src/hooks/useDebounce.ts(31,48): error TS2503: Cannot find namespace 'NodeJS'.
src/hooks/usePaginatedData.ts(6,11): error TS6196: 'PaginationParams' is declared but never used.
src/hooks/usePaginatedData.ts(73,37): error TS2503: Cannot find namespace 'NodeJS'.
src/pages/Pharmacy.tsx(23,5): error TS6133: 'HiOutlinePencil' is declared but its value is never read.
src/pages/Pharmacy.tsx(24,5): error TS6133: 'HiOutlineTrash' is declared but its value is never read.
src/pages/Pharmacy.tsx(242,11): error TS6133: 'handleOpenEditModal' is declared but its value is never read.
src/pages/Pharmacy.tsx(249,36): error TS2339: Property 'laboratory' does not exist on type 'Medication'.
src/pages/Pharmacy.tsx(432,42): error TS2304: Cannot find name 'HiOutlineShieldCheck'.
src/pages/Pharmacy.tsx(497,74): error TS2304: Cannot find name 'cn'.
src/pages/Pharmacy.tsx(510,64): error TS2322: Type '"outline"' is not assignable to type 'BadgeVariant | undefined'.
src/pages/Pharmacy.tsx(1175,17): error TS2322: Type '{ isOpen: boolean; onClose: () => void; onConfirm: () => Promise<void>; title: string; message: string; confirmLabel: string; cancelLabel: string; variant: "danger"; }' is not assignable to type 'IntrinsicAttributes & ConfirmationModalProps'.
  Property 'confirmLabel' does not exist on type 'IntrinsicAttributes & ConfirmationModalProps'.
src/pages/pharmacy/PharmacyDashboard.tsx(137,42): error TS6133: 'index' is declared but its value is never read.
src/pages/pharmacy/PharmacyDashboard.tsx(452,56): error TS6133: 'entry' is declared but its value is never read.
