prisma/seed-pharmacy.ts(67,21): error TS2561: Object literal may only specify known properties, but 'origin_module' does not exist in type 'Without<ProductCreateInput, ProductUncheckedCreateInput> & ProductUncheckedCreateInput'. Did you mean to write 'originModule'?
src/lib/prisma.ts(53,52): error TS2339: Property 'userName' does not exist on type 'TenantContext'.
src/middleware/audit.ts(74,52): error TS2352: Conversion of type 'Response<any, Record<string, any>>' to type 'Record<string, unknown>' may be a mistake because neither type sufficiently overlaps with the other. If this was intentional, convert the expression to 'unknown' first.
  Index signature for type 'string' is missing in type 'Response<any, Record<string, any>>'.
src/routes/hospitality.ts(4,10): error TS2724: '"../services/hospitality.service"' has no exported member named 'hospitalityService'. Did you mean 'HospitalityService'?
src/routes/hospitality.ts(5,46): error TS2305: Module '"../validation"' has no exported member 'checkInSchema'.
src/routes/invoices.ts(52,64): error TS2345: Argument of type '{ customerId?: string | null | undefined; customerName?: string | null | undefined; customerEmail?: string | null | undefined; customerPhone?: string | null | undefined; customerNuit?: string | ... 1 more ... | undefined; ... 11 more ...; type?: "invoice" | ... 4 more ... | undefined; }' is not assignable to parameter of type 'string'.
src/routes/invoices.ts(94,29): error TS2304: Cannot find name 'prisma'.
src/routes/payments.ts(37,40): error TS2339: Property 'processCallback' does not exist on type 'MpesaService'.
src/routes/payments.ts(55,38): error TS2339: Property 'isAvailable' does not exist on type 'MpesaService'.
src/routes/payments.ts(82,9): error TS2322: Type 'string | undefined' is not assignable to type 'string'.
  Type 'undefined' is not assignable to type 'string'.
src/routes/payments.ts(85,16): error TS2339: Property 'success' does not exist on type '{ module: string; id: string; phone: string; createdAt: Date; updatedAt: Date; companyId: string | null; status: string; amount: Decimal; reference: string; completedAt: Date | null; ... 6 more ...; responsePayload: JsonValue; }'.
src/routes/payments.ts(89,40): error TS2551: Property 'mpesaTransactionId' does not exist on type '{ module: string; id: string; phone: string; createdAt: Date; updatedAt: Date; companyId: string | null; status: string; amount: Decimal; reference: string; completedAt: Date | null; ... 6 more ...; responsePayload: JsonValue; }'. Did you mean 'transactionId'?
src/routes/payments.ts(91,29): error TS2339: Property 'message' does not exist on type '{ module: string; id: string; phone: string; createdAt: Date; updatedAt: Date; companyId: string | null; status: string; amount: Decimal; reference: string; completedAt: Date | null; ... 6 more ...; responsePayload: JsonValue; }'.
src/routes/payments.ts(92,31): error TS2339: Property 'simulated' does not exist on type '{ module: string; id: string; phone: string; createdAt: Date; updatedAt: Date; companyId: string | null; status: string; amount: Decimal; reference: string; completedAt: Date | null; ... 6 more ...; responsePayload: JsonValue; }'.
src/routes/payments.ts(95,42): error TS2339: Property 'message' does not exist on type '{ module: string; id: string; phone: string; createdAt: Date; updatedAt: Date; companyId: string | null; status: string; amount: Decimal; reference: string; completedAt: Date | null; ... 6 more ...; responsePayload: JsonValue; }'.
src/routes/payments.ts(104,39): error TS2554: Expected 2 arguments, but got 1.
src/routes/payments.ts(111,16): error TS2551: Property 'transaction' does not exist on type '{ module: string; id: string; phone: string; createdAt: Date; updatedAt: Date; companyId: string | null; status: string; amount: Decimal; reference: string; completedAt: Date | null; ... 6 more ...; responsePayload: JsonValue; }'. Did you mean 'transactionId'?
src/routes/payments.ts(111,48): error TS2551: Property 'transaction' does not exist on type '{ module: string; id: string; phone: string; createdAt: Date; updatedAt: Date; companyId: string | null; status: string; amount: Decimal; reference: string; completedAt: Date | null; ... 6 more ...; responsePayload: JsonValue; }'. Did you mean 'transactionId'?
src/routes/payments.ts(129,45): error TS2339: Property 'getTransactionsByReference' does not exist on type 'MpesaService'.
src/routes/payments.ts(136,10): error TS7006: Parameter 't' implicitly has an 'any' type.
src/routes/payments.ts(160,40): error TS2339: Property 'cancelTransaction' does not exist on type 'MpesaService'.
src/services/campaigns.service.ts(60,21): error TS2322: Type 'string' is not assignable to type '"active" | "cancelled" | "completed" | "draft" | "paused" | EnumCampaignStatusFieldUpdateOperationsInput | { set?: Exact<CampaignStatus | undefined, CampaignStatus | undefined>; } | undefined'.
src/services/fiscal.service.ts(56,48): error TS2345: Argument of type 'DynamicClientExtensionThis<TypeMap<InternalArgs & { result: {}; model: {}; query: {}; client: {}; }, {}>, TypeMapCb<PrismaClientOptions>, { result: {}; model: {}; query: {}; client: {}; }>' is not assignable to parameter of type 'PrismaClient<PrismaClientOptions, never, DefaultArgs>'.
  Property '$on' is missing in type 'DynamicClientExtensionThis<TypeMap<InternalArgs & { result: {}; model: {}; query: {}; client: {}; }, {}>, TypeMapCb<PrismaClientOptions>, { result: {}; model: {}; query: {}; client: {}; }>' but required in type 'PrismaClient<PrismaClientOptions, never, DefaultArgs>'.
